******************************************************************************
                  TI ARM Linker PC v20.2.5                     
******************************************************************************
>> Linked Wed May 11 22:28:07 2022

OUTPUT FILE NAME:   <final_assignment.out>
ENTRY POINT SYMBOL: "_c_int00_noargs"  address: 00005821


MEMORY CONFIGURATION

         name            origin    length      used     unused   attr    fill
----------------------  --------  ---------  --------  --------  ----  --------
  FLASH                 00000000   00040000  00005aa4  0003a55c  R  X
  SRAM                  20000000   00008000  00001ef2  0000610e  RW X


SEGMENT ALLOCATION MAP

run origin  load origin   length   init length attrs members
----------  ----------- ---------- ----------- ----- -------
00000000    00000000    00005aa8   00005aa8    r-x
  00000000    00000000    0000026c   0000026c    r-- .intvecs
  0000026c    0000026c    000056e0   000056e0    r-x .text
  0000594c    0000594c    00000120   00000120    r-- .const
  00005a70    00005a70    00000038   00000038    r-- .cinit
20000000    20000000    00001ef5   00000000    rw-
  20000000    20000000    00001cad   00000000    rw- .bss
  20001cb0    20001cb0    00000200   00000000    rw- .stack
  20001eb0    20001eb0    00000045   00000000    rw- .data


SECTION ALLOCATION MAP

 output                                  attributes/
section   page    origin      length       input sections
--------  ----  ----------  ----------   ----------------
.intvecs   0    00000000    0000026c     
                  00000000    0000026c     startup_frt.obj (.intvecs)

.text      0    0000026c    000056e0     
                  0000026c    00001d30     tasks.obj (.text)
                  00001f9c    00000bea     queue.obj (.text)
                  00002b86    00000002     rtsv7M4_T_le_v4SPD16_eabi.lib : div0.asm.obj (.text)
                  00002b88    00000a4e                                   : _printfi.c.obj (.text:__TI_printfi)
                  000035d6    00000002     --HOLE-- [fill = 0]
                  000035d8    0000034c     lcd.obj (.text)
                  00003924    00000270     rtsv7M4_T_le_v4SPD16_eabi.lib : _printfi.c.obj (.text:_pconv_a)
                  00003b94    000001d8     heap_2.obj (.text)
                  00003d6c    000001d0     rtsv7M4_T_le_v4SPD16_eabi.lib : _printfi.c.obj (.text:_pconv_g)
                  00003f3c    000001b6                                   : fd_add_t2.asm.obj (.text)
                  000040f2    00000002     --HOLE-- [fill = 0]
                  000040f4    0000019c     digiswitch.obj (.text)
                  00004290    0000018c     key.obj (.text)
                  0000441c    00000178     main.obj (.text)
                  00004594    00000140     control.obj (.text)
                  000046d4    0000013c     rtsv7M4_T_le_v4SPD16_eabi.lib : _printfi.c.obj (.text:_pconv_e)
                  00004810    0000013c     port.obj (.text)
                  0000494c    00000136     rtsv7M4_T_le_v4SPD16_eabi.lib : fd_div_t2.asm.obj (.text)
                  00004a82    0000012a     list.obj (.text)
                  00004bac    00000124     rtsv7M4_T_le_v4SPD16_eabi.lib : _printfi.c.obj (.text:fcvt)
                  00004cd0    00000110                                   : s_scalbn.c.obj (.text:scalbn)
                  00004de0    000000fc                                   : fd_mul_t2.asm.obj (.text)
                  00004edc    000000da     portasm.obj (.text)
                  00004fb6    00000002     --HOLE-- [fill = 0]
                  00004fb8    000000b1     rtsv7M4_T_le_v4SPD16_eabi.lib : _printfi.c.obj (.text:_ltostr)
                  00005069    00000003     --HOLE-- [fill = 0]
                  0000506c    000000a8     green_led.obj (.text)
                  00005114    0000009c     rtsv7M4_T_le_v4SPD16_eabi.lib : memcpy_t2.asm.obj (.text)
                  000051b0    00000096                                   : ull_div_t2.asm.obj (.text)
                  00005246    00000086                                   : fd_cmp_t2.asm.obj (.text:__aeabi_cdcmple)
                  000052cc    00000086                                   : fd_cmp_t2.asm.obj (.text:__aeabi_cdrcmple)
                  00005352    0000007a                                   : memset_t2.asm.obj (.text)
                  000053cc    0000006e                                   : _printfi.c.obj (.text:_mcpy)
                  0000543a    00000002     --HOLE-- [fill = 0]
                  0000543c    0000006c     systick_frt.obj (.text)
                  000054a8    00000068     rtsv7M4_T_le_v4SPD16_eabi.lib : copy_decompress_lzss.c.obj (.text:decompress:lzss:__TI_decompress_lzss)
                  00005510    00000064                                   : s_frexp.c.obj (.text:frexp)
                  00005574    00000058     status_led.obj (.text)
                  000055cc    00000056     rtsv7M4_T_le_v4SPD16_eabi.lib : _printfi.c.obj (.text:_pconv_f)
                  00005622    00000054                                   : _ltoa.c.obj (.text:__TI_ltoa)
                  00005676    00000052                                   : _printfi.c.obj (.text:_ecpy)
                  000056c8    0000004c                                   : atoi.c.obj (.text:atoi)
                  00005714    00000048                                   : fd_toi_t2.asm.obj (.text)
                  0000575c    00000044                                   : autoinit.c.obj (.text:__TI_auto_init_nobinit_nopinit:__TI_auto_init_nobinit_nopinit)
                  000057a0    00000040                                   : sprintf.c.obj (.text:sprintf)
                  000057e0    0000003e                                   : _printfi.c.obj (.text:_fcpy)
                  0000581e    00000002     --HOLE-- [fill = 0]
                  00005820    00000034                                   : boot_cortex_m.c.obj (.text:_c_int00_noargs:_c_int00_noargs)
                  00005854    0000002e                                   : i_tofd_t2.asm.obj (.text)
                  00005882    0000001c                                   : memccpy.c.obj (.text:memccpy)
                  0000589e    0000001a                                   : s_copysign.c.obj (.text:copysign)
                  000058b8    00000018                                   : sprintf.c.obj (.text:_outs)
                  000058d0    00000016                                   : strchr.c.obj (.text:strchr)
                  000058e6    00000014                                   : strlen.c.obj (.text:strlen)
                  000058fa    00000012                                   : wcslen.c.obj (.text:wcslen)
                  0000590c    0000000e                                   : copy_decompress_none.c.obj (.text:decompress:none:__TI_decompress_none)
                  0000591a    0000000c                                   : copy_zero_init.c.obj (.text:decompress:ZI:__TI_zero_init)
                  00005926    0000000c     startup_frt.obj (.text)
                  00005932    0000000a     rtsv7M4_T_le_v4SPD16_eabi.lib : sprintf.c.obj (.text:_outc)
                  0000593c    00000008                                   : errno.c.obj (.text:__aeabi_errno_addr)
                  00005944    00000004                                   : pre_init.c.obj (.text:_system_pre_init)
                  00005948    00000004                                   : exit.c.obj (.text:abort:abort)

.const     0    0000594c    00000120     
                  0000594c    00000101     rtsv7M4_T_le_v4SPD16_eabi.lib : ctype.c.obj (.const:.string:_ctypes_)
                  00005a4d    0000000c     key.obj (.const:$P$T0$1)
                  00005a59    0000000a     lcd.obj (.const:.string:LCD_init_sequense)
                  00005a63    00000001     --HOLE-- [fill = 0]
                  00005a64    00000004     port.obj (.const)
                  00005a68    00000004     tasks.obj (.const)

.cinit     0    00005a70    00000038     
                  00005a70    00000012     (.cinit..data.load) [load image, compression = lzss]
                  00005a82    00000002     --HOLE-- [fill = 0]
                  00005a84    0000000c     (__TI_handler_table)
                  00005a90    00000008     (.cinit..bss.load) [load image, compression = zero_init]
                  00005a98    00000010     (__TI_cinit_table)

.init_array 
*          0    00000000    00000000     UNINITIALIZED

.bss       0    20000000    00001cad     UNINITIALIZED
                  20000000    00001b58     heap_2.obj (.bss:ucHeap)
                  20001b58    000000c8     tasks.obj (.bss:pxReadyTasksLists)
                  20001c20    00000014     tasks.obj (.bss:xDelayedTaskList1)
                  20001c34    00000014     tasks.obj (.bss:xDelayedTaskList2)
                  20001c48    00000014     tasks.obj (.bss:xPendingReadyList)
                  20001c5c    00000014     tasks.obj (.bss:xSuspendedTaskList)
                  20001c70    00000014     tasks.obj (.bss:xTasksWaitingTermination)
                  20001c84    00000008     tasks.obj (.bss)
                  20001c8c    00000008     heap_2.obj (.bss:xEnd)
                  20001c94    00000008     heap_2.obj (.bss:xStart)
                  20001c9c    00000004     key.obj (.bss)
                  20001ca0    00000004     lcd.obj (.bss)
                  20001ca4    00000004     (.common:Q_GREEN)
                  20001ca8    00000004     (.common:Q_RE)
                  20001cac    00000001     (.common:LCD_init)

.data      0    20001eb0    00000045     UNINITIALIZED
                  20001eb0    00000034     tasks.obj (.data)
                  20001ee4    00000008     heap_2.obj (.data)
                  20001eec    00000004     port.obj (.data)
                  20001ef0    00000004     rtsv7M4_T_le_v4SPD16_eabi.lib : errno.c.obj (.data)
                  20001ef4    00000001     lcd.obj (.data)

.stack     0    20001cb0    00000200     UNINITIALIZED
                  20001cb0    00000004     rtsv7M4_T_le_v4SPD16_eabi.lib : boot_cortex_m.c.obj (.stack)
                  20001cb4    000001fc     --HOLE--

__llvm_prf_cnts 
*          0    20000000    00000000     UNINITIALIZED

MODULE SUMMARY

       Module                       code    ro data   rw data
       ------                       ----    -------   -------
    .\
       tasks.obj                    7472    4         360    
       heap_2.obj                   472     0         7024   
       queue.obj                    3050    0         0      
       lcd.obj                      844     10        6      
       startup_frt.obj              12      620       0      
       digiswitch.obj               412     0         4      
       key.obj                      396     12        4      
       main.obj                     376     0         0      
       port.obj                     316     4         4      
       control.obj                  320     0         0      
       list.obj                     298     0         0      
       portasm.obj                  218     0         0      
       green_led.obj                168     0         4      
       systick_frt.obj              108     0         0      
       status_led.obj               88      0         0      
    +--+----------------------------+-------+---------+---------+
       Total:                       14550   650       7406   
                                                             
    C:\ti\ccs1110\ccs\tools\compiler\ti-cgt-arm_20.2.5.LTS\lib\rtsv7M4_T_le_v4SPD16_eabi.lib
       _printfi.c.obj               4851    0         0      
       fd_add_t2.asm.obj            438     0         0      
       fd_div_t2.asm.obj            310     0         0      
       s_scalbn.c.obj               272     0         0      
       fd_cmp_t2.asm.obj            268     0         0      
       ctype.c.obj                  0       257       0      
       fd_mul_t2.asm.obj            252     0         0      
       memcpy_t2.asm.obj            156     0         0      
       ull_div_t2.asm.obj           150     0         0      
       memset_t2.asm.obj            122     0         0      
       copy_decompress_lzss.c.obj   104     0         0      
       s_frexp.c.obj                100     0         0      
       sprintf.c.obj                98      0         0      
       _ltoa.c.obj                  84      0         0      
       atoi.c.obj                   76      0         0      
       fd_toi_t2.asm.obj            72      0         0      
       autoinit.c.obj               68      0         0      
       boot_cortex_m.c.obj          52      0         0      
       i_tofd_t2.asm.obj            46      0         0      
       memccpy.c.obj                28      0         0      
       s_copysign.c.obj             26      0         0      
       strchr.c.obj                 22      0         0      
       strlen.c.obj                 20      0         0      
       wcslen.c.obj                 18      0         0      
       copy_decompress_none.c.obj   14      0         0      
       copy_zero_init.c.obj         12      0         0      
       errno.c.obj                  8       0         4      
       exit.c.obj                   4       0         0      
       pre_init.c.obj               4       0         0      
       div0.asm.obj                 2       0         0      
    +--+----------------------------+-------+---------+---------+
       Total:                       7677    257       4      
                                                             
       Stack:                       0       0         512    
       Linker Generated:            0       54        0      
    +--+----------------------------+-------+---------+---------+
       Grand Total:                 22227   961       7922   


LINKER GENERATED COPY TABLES

__TI_cinit_table @ 00005a98 records: 2, size/record: 8, table size: 16
	.data: load addr=00005a70, load size=00000012 bytes, run addr=20001eb0, run size=00000045 bytes, compression=lzss
	.bss: load addr=00005a90, load size=00000008 bytes, run addr=20000000, run size=00001cad bytes, compression=zero_init


LINKER GENERATED HANDLER TABLE

__TI_handler_table @ 00005a84 records: 3, size/record: 4, table size: 12
	index: 0, handler: __TI_decompress_lzss
	index: 1, handler: __TI_decompress_none
	index: 2, handler: __TI_zero_init


GLOBAL SYMBOLS: SORTED ALPHABETICALLY BY Name 

address   name                               
-------   ----                               
00005949  C$$EXIT                            
20001cac  LCD_init                           
00005a59  LCD_init_sequense                  
20001ca4  Q_GREEN                            
20001ca8  Q_RE                               
00005927  ResetISR                           
00003819  Set_cursor                         
20001eb0  __STACK_END                        
00000200  __STACK_SIZE                       
20001eb0  __STACK_TOP                        
00005a98  __TI_CINIT_Base                    
00005aa8  __TI_CINIT_Limit                   
00005a84  __TI_Handler_Table_Base            
00005a90  __TI_Handler_Table_Limit           
0000575d  __TI_auto_init_nobinit_nopinit     
000054a9  __TI_decompress_lzss               
0000590d  __TI_decompress_none               
00005623  __TI_ltoa                          
ffffffff  __TI_pprof_out_hndl                
00002b89  __TI_printfi                       
ffffffff  __TI_prof_data_size                
ffffffff  __TI_prof_data_start               
00000000  __TI_static_base__                 
0000591b  __TI_zero_init                     
00005247  __aeabi_cdcmpeq                    
00005247  __aeabi_cdcmple                    
000052cd  __aeabi_cdrcmple                   
00005715  __aeabi_d2iz                       
00003f47  __aeabi_dadd                       
0000494d  __aeabi_ddiv                       
00004de1  __aeabi_dmul                       
00003f3d  __aeabi_dsub                       
0000593d  __aeabi_errno_addr                 
00005855  __aeabi_i2d                        
00002b87  __aeabi_idiv0                      
00002b87  __aeabi_ldiv0                      
00005353  __aeabi_memclr                     
00005353  __aeabi_memclr4                    
00005353  __aeabi_memclr8                    
00005115  __aeabi_memcpy                     
00005115  __aeabi_memcpy4                    
00005115  __aeabi_memcpy8                    
00005355  __aeabi_memset                     
00005355  __aeabi_memset4                    
00005355  __aeabi_memset8                    
000051b1  __aeabi_uldivmod                   
ffffffff  __binit__                          
ffffffff  __c_args__                         
UNDEFED   __mpu_init                         
20001cb0  __stack                            
20000000  __start___llvm_prf_cnts            
20000000  __stop___llvm_prf_cnts             
00005821  _c_int00_noargs                    
0000594c  _ctypes_                           
UNDEFED   _system_post_cinit                 
00005945  _system_pre_init                   
00005949  abort                              
000056c9  atoi                               
ffffffff  binit                              
00004331  check_column                       
00003805  clr_LCD                            
00004595  control_task                       
0000589f  copysign                           
0000589f  copysignl                          
000040f5  digiswitch_init                    
00004125  digiswitch_task                    
20001ef0  errno                              
00005511  frexp                              
00005511  frexpl                             
00000000  g_pfnVectors                       
0000431d  get_keyboard                       
00004113  get_re                             
0000506d  green_led_init                     
000050b1  green_led_task                     
0000380f  home_LCD                           
0000543d  init_systick                       
000042ef  key_catch                          
00004291  key_init                           
00004375  key_task                           
00003773  lcd_init                           
00003865  lcd_task                           
00004cd1  ldexp                              
00004cd1  ldexpl                             
00004485  main                               
00005883  memccpy                            
00005115  memcpy                             
0000535b  memset                             
0000360f  move_LCD                           
00003829  out_LCD                            
000037ef  out_LCD_high                       
0000379b  out_LCD_low                        
00000d11  pcTaskGetName                      
00003b95  pvPortMalloc                       
000017c9  pvTaskIncrementMutexHeldCount      
20001eb0  pxCurrentTCB                       
00004811  pxPortInitialiseStack              
000042a3  row                                
00004cd1  scalbn                             
00004cd1  scalbnl                            
0000509b  set_change                         
000057a1  sprintf                            
00005575  status_led_init                    
000055a3  status_led_task                    
000058d1  strchr                             
000058e7  strlen                             
00005a64  ulMaxSyscallInterruptPriority      
00004eed  ulPortGetIPSR                      
000017e9  ulTaskGenericNotifyTake            
00001e59  ulTaskGenericNotifyValueClear      
00004b65  uxListRemove                       
000028d5  uxQueueMessagesWaiting             
0000290b  uxQueueMessagesWaitingFromISR      
000028eb  uxQueueSpacesAvailable             
00000d01  uxTaskGetNumberOfTasks             
00000621  uxTaskPriorityGet                  
0000064d  uxTaskPriorityGetFromISR           
000017a1  uxTaskResetEventItemValue          
00005a68  uxTopUsedPriority                  
00004a83  vListInitialise                    
00004ab3  vListInitialiseItem                
00004aff  vListInsert                        
00004ac3  vListInsertEnd                     
00004fa9  vPortEnableVFP                     
000048b1  vPortEndScheduler                  
000048b3  vPortEnterCritical                 
000048d3  vPortExitCritical                  
00003cad  vPortFree                          
00003d11  vPortInitialiseBlocks              
00004f65  vPortSVCHandler                    
0000490f  vPortSetupTimerInterrupt           
00004f85  vPortStartFirstTask                
00002921  vQueueDelete                       
000005eb  vTaskDelay                         
000004a3  vTaskDelete                        
00000b17  vTaskEndScheduler                  
00001cb1  vTaskGenericNotifyGiveFromISR      
000012bd  vTaskInternalSetTimeOutState       
00001361  vTaskMissedYield                   
00000f9b  vTaskPlaceOnEventList              
00000fbd  vTaskPlaceOnUnorderedEventList     
000016a1  vTaskPriorityDisinheritAfterTimeout
000006a9  vTaskPrioritySet                   
00001195  vTaskRemoveFromUnorderedEventList  
0000092b  vTaskResume                        
0000129f  vTaskSetTimeOutState               
00000acd  vTaskStartScheduler                
00000801  vTaskSuspend                       
00000b33  vTaskSuspendAll                    
00000f39  vTaskSwitchContext                 
000058fb  wcslen                             
000035d9  wr_ch_LCD                          
0000371d  wr_ctrl_LCD                        
00003707  wr_ctrl_LCD_high                   
00003645  wr_ctrl_LCD_low                    
000035f1  wr_str_LCD                         
00003d0b  xPortGetFreeHeapSize               
00004f05  xPortPendSVHandler                 
0000487b  xPortStartScheduler                
000048e9  xPortSysTickHandler                
0000213f  xQueueCreateMutex                  
0000206f  xQueueGenericCreate                
00001f9d  xQueueGenericReset                 
000021eb  xQueueGenericSend                  
00002319  xQueueGenericSendFromISR           
000023bb  xQueueGiveFromISR                  
0000216b  xQueueGiveMutexRecursive           
00002b1b  xQueueIsQueueEmptyFromISR          
00002b61  xQueueIsQueueFullFromISR           
000026c7  xQueuePeek                         
00002883  xQueuePeekFromISR                  
0000244f  xQueueReceive                      
000027e9  xQueueReceiveFromISR               
0000256d  xQueueSemaphoreTake                
000021a7  xQueueTakeMutexRecursive           
00000d31  xTaskCatchUpTicks                  
000012dd  xTaskCheckForTimeOut               
0000026d  xTaskCreate                        
0000055b  xTaskDelayUntil                    
00001951  xTaskGenericNotify                 
00001ad9  xTaskGenericNotifyFromISR          
00001e09  xTaskGenericNotifyStateClear       
0000188f  xTaskGenericNotifyWait             
00001465  xTaskGetCurrentTaskHandle          
00000cd5  xTaskGetTickCount                  
00000ce9  xTaskGetTickCountFromISR           
00000d6d  xTaskIncrementTick                 
000015a9  xTaskPriorityDisinherit            
00001489  xTaskPriorityInherit               
00001035  xTaskRemoveFromEventList           
00000b49  xTaskResumeAll                     
000009f5  xTaskResumeFromISR                 


GLOBAL SYMBOLS: SORTED BY Symbol Address 

address   name                               
-------   ----                               
00000000  __TI_static_base__                 
00000000  g_pfnVectors                       
00000200  __STACK_SIZE                       
0000026d  xTaskCreate                        
000004a3  vTaskDelete                        
0000055b  xTaskDelayUntil                    
000005eb  vTaskDelay                         
00000621  uxTaskPriorityGet                  
0000064d  uxTaskPriorityGetFromISR           
000006a9  vTaskPrioritySet                   
00000801  vTaskSuspend                       
0000092b  vTaskResume                        
000009f5  xTaskResumeFromISR                 
00000acd  vTaskStartScheduler                
00000b17  vTaskEndScheduler                  
00000b33  vTaskSuspendAll                    
00000b49  xTaskResumeAll                     
00000cd5  xTaskGetTickCount                  
00000ce9  xTaskGetTickCountFromISR           
00000d01  uxTaskGetNumberOfTasks             
00000d11  pcTaskGetName                      
00000d31  xTaskCatchUpTicks                  
00000d6d  xTaskIncrementTick                 
00000f39  vTaskSwitchContext                 
00000f9b  vTaskPlaceOnEventList              
00000fbd  vTaskPlaceOnUnorderedEventList     
00001035  xTaskRemoveFromEventList           
00001195  vTaskRemoveFromUnorderedEventList  
0000129f  vTaskSetTimeOutState               
000012bd  vTaskInternalSetTimeOutState       
000012dd  xTaskCheckForTimeOut               
00001361  vTaskMissedYield                   
00001465  xTaskGetCurrentTaskHandle          
00001489  xTaskPriorityInherit               
000015a9  xTaskPriorityDisinherit            
000016a1  vTaskPriorityDisinheritAfterTimeout
000017a1  uxTaskResetEventItemValue          
000017c9  pvTaskIncrementMutexHeldCount      
000017e9  ulTaskGenericNotifyTake            
0000188f  xTaskGenericNotifyWait             
00001951  xTaskGenericNotify                 
00001ad9  xTaskGenericNotifyFromISR          
00001cb1  vTaskGenericNotifyGiveFromISR      
00001e09  xTaskGenericNotifyStateClear       
00001e59  ulTaskGenericNotifyValueClear      
00001f9d  xQueueGenericReset                 
0000206f  xQueueGenericCreate                
0000213f  xQueueCreateMutex                  
0000216b  xQueueGiveMutexRecursive           
000021a7  xQueueTakeMutexRecursive           
000021eb  xQueueGenericSend                  
00002319  xQueueGenericSendFromISR           
000023bb  xQueueGiveFromISR                  
0000244f  xQueueReceive                      
0000256d  xQueueSemaphoreTake                
000026c7  xQueuePeek                         
000027e9  xQueueReceiveFromISR               
00002883  xQueuePeekFromISR                  
000028d5  uxQueueMessagesWaiting             
000028eb  uxQueueSpacesAvailable             
0000290b  uxQueueMessagesWaitingFromISR      
00002921  vQueueDelete                       
00002b1b  xQueueIsQueueEmptyFromISR          
00002b61  xQueueIsQueueFullFromISR           
00002b87  __aeabi_idiv0                      
00002b87  __aeabi_ldiv0                      
00002b89  __TI_printfi                       
000035d9  wr_ch_LCD                          
000035f1  wr_str_LCD                         
0000360f  move_LCD                           
00003645  wr_ctrl_LCD_low                    
00003707  wr_ctrl_LCD_high                   
0000371d  wr_ctrl_LCD                        
00003773  lcd_init                           
0000379b  out_LCD_low                        
000037ef  out_LCD_high                       
00003805  clr_LCD                            
0000380f  home_LCD                           
00003819  Set_cursor                         
00003829  out_LCD                            
00003865  lcd_task                           
00003b95  pvPortMalloc                       
00003cad  vPortFree                          
00003d0b  xPortGetFreeHeapSize               
00003d11  vPortInitialiseBlocks              
00003f3d  __aeabi_dsub                       
00003f47  __aeabi_dadd                       
000040f5  digiswitch_init                    
00004113  get_re                             
00004125  digiswitch_task                    
00004291  key_init                           
000042a3  row                                
000042ef  key_catch                          
0000431d  get_keyboard                       
00004331  check_column                       
00004375  key_task                           
00004485  main                               
00004595  control_task                       
00004811  pxPortInitialiseStack              
0000487b  xPortStartScheduler                
000048b1  vPortEndScheduler                  
000048b3  vPortEnterCritical                 
000048d3  vPortExitCritical                  
000048e9  xPortSysTickHandler                
0000490f  vPortSetupTimerInterrupt           
0000494d  __aeabi_ddiv                       
00004a83  vListInitialise                    
00004ab3  vListInitialiseItem                
00004ac3  vListInsertEnd                     
00004aff  vListInsert                        
00004b65  uxListRemove                       
00004cd1  ldexp                              
00004cd1  ldexpl                             
00004cd1  scalbn                             
00004cd1  scalbnl                            
00004de1  __aeabi_dmul                       
00004eed  ulPortGetIPSR                      
00004f05  xPortPendSVHandler                 
00004f65  vPortSVCHandler                    
00004f85  vPortStartFirstTask                
00004fa9  vPortEnableVFP                     
0000506d  green_led_init                     
0000509b  set_change                         
000050b1  green_led_task                     
00005115  __aeabi_memcpy                     
00005115  __aeabi_memcpy4                    
00005115  __aeabi_memcpy8                    
00005115  memcpy                             
000051b1  __aeabi_uldivmod                   
00005247  __aeabi_cdcmpeq                    
00005247  __aeabi_cdcmple                    
000052cd  __aeabi_cdrcmple                   
00005353  __aeabi_memclr                     
00005353  __aeabi_memclr4                    
00005353  __aeabi_memclr8                    
00005355  __aeabi_memset                     
00005355  __aeabi_memset4                    
00005355  __aeabi_memset8                    
0000535b  memset                             
0000543d  init_systick                       
000054a9  __TI_decompress_lzss               
00005511  frexp                              
00005511  frexpl                             
00005575  status_led_init                    
000055a3  status_led_task                    
00005623  __TI_ltoa                          
000056c9  atoi                               
00005715  __aeabi_d2iz                       
0000575d  __TI_auto_init_nobinit_nopinit     
000057a1  sprintf                            
00005821  _c_int00_noargs                    
00005855  __aeabi_i2d                        
00005883  memccpy                            
0000589f  copysign                           
0000589f  copysignl                          
000058d1  strchr                             
000058e7  strlen                             
000058fb  wcslen                             
0000590d  __TI_decompress_none               
0000591b  __TI_zero_init                     
00005927  ResetISR                           
0000593d  __aeabi_errno_addr                 
00005945  _system_pre_init                   
00005949  C$$EXIT                            
00005949  abort                              
0000594c  _ctypes_                           
00005a59  LCD_init_sequense                  
00005a64  ulMaxSyscallInterruptPriority      
00005a68  uxTopUsedPriority                  
00005a84  __TI_Handler_Table_Base            
00005a90  __TI_Handler_Table_Limit           
00005a98  __TI_CINIT_Base                    
00005aa8  __TI_CINIT_Limit                   
20000000  __start___llvm_prf_cnts            
20000000  __stop___llvm_prf_cnts             
20001ca4  Q_GREEN                            
20001ca8  Q_RE                               
20001cac  LCD_init                           
20001cb0  __stack                            
20001eb0  __STACK_END                        
20001eb0  __STACK_TOP                        
20001eb0  pxCurrentTCB                       
20001ef0  errno                              
ffffffff  __TI_pprof_out_hndl                
ffffffff  __TI_prof_data_size                
ffffffff  __TI_prof_data_start               
ffffffff  __binit__                          
ffffffff  __c_args__                         
ffffffff  binit                              
UNDEFED   __mpu_init                         
UNDEFED   _system_post_cinit                 

[191 symbols]
